[backblue.gif]
[fade.gif]
[index.html]
[home.iitk.ac.in/_abhish/core/common.js]
[home.iitk.ac.in/_abhish/plugins/mlbox/mlbox.js]
[home.iitk.ac.in/_abhish/files/abhishek.jpg]
[home.iitk.ac.in/_abhish/files/150/abhishek.jpg]
[home.iitk.ac.in/_abhish/files/sabal-20.jpg]
[home.iitk.ac.in/_abhish/index.html]
[www.statcounter.com/counter/counter.js]
[home.iitk.ac.in/_abhish/files/_demo_03.jpg]
[home.iitk.ac.in/_abhish/files/150/_demo_03.jpg]
[home.iitk.ac.in/_abhish/files/_demo_04.jpg]
[home.iitk.ac.in/_abhish/files/150/_demo_04.jpg]
[home.iitk.ac.in/_abhish/files/_demo_05.jpg]
[home.iitk.ac.in/_abhish/files/150/_demo_05.jpg]
[home.iitk.ac.in/_abhish/files/ext/ico_web.gif]
[home.iitk.ac.in/_abhish/files/ext/ico_pdf.gif]
[home.iitk.ac.in/_abhish/files/_demo_test.pdf]
[home.iitk.ac.in/_abhish/index42ea.html]
[home.iitk.ac.in/_abhish/templates/default/img/shade.png]
[home.iitk.ac.in/_abhish/templates/default/img/header_bg.jpg]
[home.iitk.ac.in/_abhish/templates/default/img/menu1_bg.png]
[home.iitk.ac.in/_abhish/templates/default/img/menu1_bg_hover.png]
[home.iitk.ac.in/_abhish/templates/default/img/menu2_bg.png]
[home.iitk.ac.in/_abhish/templates/default/img/menu2_items_bg.png]
[home.iitk.ac.in/_abhish/templates/default/img/menu2_arrow.png]
[home.iitk.ac.in/_abhish/templates/default/img/circle.png]
[home.iitk.ac.in/_abhish/templates/default/img/items_shade.png]
[home.iitk.ac.in/_abhish/templates/default/img/menu3_bg.png]
[home.iitk.ac.in/_abhish/templates/default/style.css]
[home.iitk.ac.in/_abhish/templates/default/img/menu_drop.1c.delayed]
[home.iitk.ac.in/_abhish/templates/default/menu.css]
[home.iitk.ac.in/_abhish/index33cb.html]
[home.iitk.ac.in/_abhish/files/150/_demo_01.jpg]
[home.iitk.ac.in/_abhish/files/150/_demo_02.jpg]
[home.iitk.ac.in/_abhish/index0f11.html]
[home.iitk.ac.in/_abhish/index7d14.html]
[home.iitk.ac.in/_abhish/files/_demo_02.jpg]
[home.iitk.ac.in/_abhish/index11e9.html]
[home.iitk.ac.in/_abhish/indexe41d.html]
[home.iitk.ac.in/_abhish/index42e0.html]
[home.iitk.ac.in/_abhish/index7e35.html]
[home.iitk.ac.in/_abhish/files/_demo_01.jpg]
[home.iitk.ac.in/_abhish/index1589.html]
[home.iitk.ac.in/_abhish/index46c6.html]
[home.iitk.ac.in/_abhish/index1e9f.html]
[home.iitk.ac.in/_abhish/index41e1.html]
[home.iitk.ac.in/_abhish/indexcbec.html]
[home.iitk.ac.in/_abhish/index03b2.html]
[home.iitk.ac.in/_abhish/index7ea5.html]
[home.iitk.ac.in/_abhish/index72f6.html]
[home.iitk.ac.in/_abhish/index6077.html]
[home.iitk.ac.in/_abhish/indexdfdf.html]
[home.iitk.ac.in/_abhish/index2453.html]
[home.iitk.ac.in/_abhish/index219e.html]
[home.iitk.ac.in/_abhish/index39c3.html]
[home.iitk.ac.in/_abhish/index980b.html]
[home.iitk.ac.in/_abhish/indexf538.html]
[home.iitk.ac.in/_abhish/index8aeb.html]
[home.iitk.ac.in/_abhish/index0d57.html]
[home.iitk.ac.in/_abhish/indexc126.html]
[home.iitk.ac.in/_abhish/indexa300.html]
[home.iitk.ac.in/_abhish/indexc711.html]
[home.iitk.ac.in/_abhish/indexe9a0.html]
[home.iitk.ac.in/_abhish/index31b7.html]
[home.iitk.ac.in/_abhish/indexd035.html]
[home.iitk.ac.in/_abhish/indexba03.html]
[home.iitk.ac.in/_abhish/files/mav-collage.jpg]
[home.iitk.ac.in/_abhish/files/200/mav-collage.jpg]
[home.iitk.ac.in/_abhish/uploads/tiltrotor.jpg]
[home.iitk.ac.in/_abhish/uploads/tailsitter.jpg]
[home.iitk.ac.in/_abhish/uploads/tailsitter_ff.jpg]
[home.iitk.ac.in/_abhish/images/vawt_cad.jpg]
[home.iitk.ac.in/_abhish/files/ruav-iitk.jpg]
[home.iitk.ac.in/_abhish/files/P1010398-edt.jpg]
[home.iitk.ac.in/_abhish/images/micav2.jpg]
[home.iitk.ac.in/_abhish/jwplayer/jwplayer.js]
[home.iitk.ac.in/_abhish/images/mav_design.png]
[home.iitk.ac.in/_abhish/images/kinect.jpg]
[home.iitk.ac.in/_abhish/images/DuCoax.png]
[home.iitk.ac.in/_abhish/indexbc9f.html]
[home.iitk.ac.in/_abhish/index7d37.html]
[home.iitk.ac.in/_abhish/files/Hardware_Schematic.png]
[home.iitk.ac.in/_abhish/files/150/Hardware_Schematic.png]
[home.iitk.ac.in/_abhish/indexfbe9.html]
[home.iitk.ac.in/_abhish/index5fdd.html]
[home.iitk.ac.in/_abhish/index09eb.html]
[home.iitk.ac.in/_abhish/files/micav2.jpg]
[home.iitk.ac.in/_abhish/files/150/micav2.jpg]
[home.iitk.ac.in/_abhish/files/ae_686.pdf]
[home.iitk.ac.in/_abhish/files/ae-630.pdf]
[home.iitk.ac.in/_abhish/uploads/ae660.pdf]
[home.iitk.ac.in/_abhish/index3442.html]
[home.iitk.ac.in/_abhish/index4560.html]
[home.iitk.ac.in/_abhish/index3a21.html]
[home.iitk.ac.in/_abhish/indexb0d1.html]
[home.iitk.ac.in/_abhish/index2c8b.html]
[home.iitk.ac.in/_abhish/indexef60.html]
[home.iitk.ac.in/_abhish/index0a42.html]
[home.iitk.ac.in/_abhish/index9c08.html]
[home.iitk.ac.in/_abhish/indexab41.html]
[home.iitk.ac.in/_abhish/files/_demo_test.html]
[home.iitk.ac.in/_abhish/indexac5c.html]
[home.iitk.ac.in/_abhish/indexd389.html]
[home.iitk.ac.in/_abhish/indexcba2.html]
[home.iitk.ac.in/_abhish/index1e5b.html]
[www.iitk.ac.in/aero/abhishek/uploads/Helicopter_design.jpg]
[www.iitk.ac.in/aero/abhishek/files/compound-heli.png]
[www.iitk.ac.in/aero/abhishek/uploads/MiCAH-flight.jpg]
